09:13:47 **** Incremental Build of configuration Debug for project dickdick ****
make -j3 all 
Building file: ../src/main.c
Invoking: MCU GCC Compiler
/Users/gasparmate/Desktop/example/dickdick/Debug
arm-none-eabi-gcc -mcpu=cortex-m7 -mthumb -mfloat-abi=hard -mfpu=fpv5-sp-d16 -DSTM32 -DSTM32F7 -DSTM32F746NGHx -DSTM32F746G_DISCO -DDEBUG -DSTM32F746xx -DUSE_HAL_DRIVER -I"/Users/gasparmate/Desktop/example/dickdick/Utilities/Components/ampire480272" -I"/Users/gasparmate/Desktop/example/dickdick/Utilities/Components/n25q512a" -I"/Users/gasparmate/Desktop/example/dickdick/Utilities/Components/s5k5cag" -I"/Users/gasparmate/Desktop/example/dickdick/Utilities/Components/mfxstm32l152" -I"/Users/gasparmate/Desktop/example/dickdick/CMSIS/device" -I"/Users/gasparmate/Desktop/example/dickdick/Utilities/Components/ts3510" -I"/Users/gasparmate/Desktop/example/dickdick/Utilities/Components/n25q128a" -I"/Users/gasparmate/Desktop/example/dickdick/Utilities/Components/st7735" -I"/Users/gasparmate/Desktop/example/dickdick/Utilities/Components/rk043fn48h" -I"/Users/gasparmate/Desktop/example/dickdick/HAL_Driver/Inc/Legacy" -I"/Users/gasparmate/Desktop/example/dickdick/Utilities/Components/ov9655" -I"/Users/gasparmate/Desktop/example/dickdick/Utilities/Components/otm8009a" -I"/Users/gasparmate/Desktop/example/dickdick/Utilities/STM32746G-Discovery" -I"/Users/gasparmate/Desktop/example/dickdick/Utilities/Components/Common" -I"/Users/gasparmate/Desktop/example/dickdick/HAL_Driver/Inc" -I"/Users/gasparmate/Desktop/example/dickdick/Utilities/Components/stmpe811" -I"/Users/gasparmate/Desktop/example/dickdick/Utilities/Components/wm8994" -I"/Users/gasparmate/Desktop/example/dickdick/Utilities/Fonts" -I"/Users/gasparmate/Desktop/example/dickdick/Utilities/Components/ft5336" -I"/Users/gasparmate/Desktop/example/dickdick/inc" -I"/Users/gasparmate/Desktop/example/dickdick/Utilities/Components/ft6x06" -I"/Users/gasparmate/Desktop/example/dickdick/Utilities/Components/exc7200" -I"/Users/gasparmate/Desktop/example/dickdick/Utilities/Components/st7789h2" -I"/Users/gasparmate/Desktop/example/dickdick/Utilities/Log" -I"/Users/gasparmate/Desktop/example/dickdick/Utilities/Components/adv7533" -I"/Users/gasparmate/Desktop/example/dickdick/Utilities/Components/ampire640480" -I"/Users/gasparmate/Desktop/example/dickdick/CMSIS/core" -I"/Users/gasparmate/Desktop/example/dickdick/Utilities/Components/mx25l512" -O0 -g3 -Wall -u _printf_float -ffunction-sections -c -MMD -MP -MF"src/main.d" -MT"src/main.o" -o "src/main.o" "../src/main.c"
Finished building: ../src/main.c
 
Building target: dickdick.elf
Invoking: MCU GCC Linker
arm-none-eabi-gcc -mcpu=cortex-m7 -mthumb -mfloat-abi=hard -mfpu=fpv5-sp-d16 -T"/Users/gasparmate/Desktop/example/dickdick/LinkerScript.ld" -Wl,-Map=output.map -Wl,--gc-sections -o "dickdick.elf" @"objects.list"   -lm
Finished building target: dickdick.elf
 
/Applications/Xcode.app/Contents/Developer/usr/bin/make --no-print-directory post-build
Generating binary and Printing size information:
arm-none-eabi-objcopy -O binary "dickdick.elf" "dickdick.bin"
arm-none-eabi-size "dickdick.elf"
   text	   data	    bss	    dec	    hex	filename
  31916	   1136	   2284	  35336	   8a08	dickdick.elf
 

09:13:51 Build Finished (took 3s.608ms)

