16:45:36 **** Incremental Build of configuration Debug for project Led_flash ****
make -j3 all 
Building file: ../src/main.c
Invoking: MCU GCC Compiler
/Users/gasparmate/Desktop/example/Led_flash/Debug
arm-none-eabi-gcc -mcpu=cortex-m7 -mthumb -mfloat-abi=hard -mfpu=fpv5-sp-d16 -DSTM32 -DSTM32F7 -DSTM32F746NGHx -DSTM32F746G_DISCO -DDEBUG -DSTM32F746xx -DUSE_HAL_DRIVER -I"/Users/gasparmate/Desktop/example/Led_flash/Utilities/Components/ampire480272" -I"/Users/gasparmate/Desktop/example/Led_flash/Utilities/Components/n25q512a" -I"/Users/gasparmate/Desktop/example/Led_flash/Utilities/Components/s5k5cag" -I"/Users/gasparmate/Desktop/example/Led_flash/Utilities/Components/mfxstm32l152" -I"/Users/gasparmate/Desktop/example/Led_flash/CMSIS/device" -I"/Users/gasparmate/Desktop/example/Led_flash/Utilities/Components/ts3510" -I"/Users/gasparmate/Desktop/example/Led_flash/Utilities/Components/n25q128a" -I"/Users/gasparmate/Desktop/example/Led_flash/Utilities/Components/st7735" -I"/Users/gasparmate/Desktop/example/Led_flash/Utilities/Components/rk043fn48h" -I"/Users/gasparmate/Desktop/example/Led_flash/HAL_Driver/Inc/Legacy" -I"/Users/gasparmate/Desktop/example/Led_flash/Utilities/Components/ov9655" -I"/Users/gasparmate/Desktop/example/Led_flash/Utilities/Components/otm8009a" -I"/Users/gasparmate/Desktop/example/Led_flash/Utilities/STM32746G-Discovery" -I"/Users/gasparmate/Desktop/example/Led_flash/Utilities/Components/Common" -I"/Users/gasparmate/Desktop/example/Led_flash/HAL_Driver/Inc" -I"/Users/gasparmate/Desktop/example/Led_flash/Utilities/Components/stmpe811" -I"/Users/gasparmate/Desktop/example/Led_flash/Utilities/Components/wm8994" -I"/Users/gasparmate/Desktop/example/Led_flash/Utilities/Fonts" -I"/Users/gasparmate/Desktop/example/Led_flash/Utilities/Components/ft5336" -I"/Users/gasparmate/Desktop/example/Led_flash/inc" -I"/Users/gasparmate/Desktop/example/Led_flash/Utilities/Components/ft6x06" -I"/Users/gasparmate/Desktop/example/Led_flash/Utilities/Components/exc7200" -I"/Users/gasparmate/Desktop/example/Led_flash/Utilities/Components/st7789h2" -I"/Users/gasparmate/Desktop/example/Led_flash/Utilities/Log" -I"/Users/gasparmate/Desktop/example/Led_flash/Utilities/Components/adv7533" -I"/Users/gasparmate/Desktop/example/Led_flash/Utilities/Components/ampire640480" -I"/Users/gasparmate/Desktop/example/Led_flash/CMSIS/core" -I"/Users/gasparmate/Desktop/example/Led_flash/Utilities/Components/mx25l512" -O0 -g3 -Wall -fmessage-length=0 -ffunction-sections -c -MMD -MP -MF"src/main.d" -MT"src/main.o" -o "src/main.o" "../src/main.c"
Finished building: ../src/main.c
 
Building target: Led_flash.elf
Invoking: MCU GCC Linker
arm-none-eabi-gcc -mcpu=cortex-m7 -mthumb -mfloat-abi=hard -mfpu=fpv5-sp-d16 -T"/Users/gasparmate/Desktop/example/Led_flash/LinkerScript.ld" -Wl,-Map=output.map -Wl,--gc-sections -o "Led_flash.elf" @"objects.list"   -lm
Finished building target: Led_flash.elf
 
/Applications/Xcode.app/Contents/Developer/usr/bin/make --no-print-directory post-build
Generating binary and Printing size information:
arm-none-eabi-objcopy -O binary "Led_flash.elf" "Led_flash.bin"
arm-none-eabi-size "Led_flash.elf"
   text	   data	    bss	    dec	    hex	filename
   3180	   1096	   1644	   5920	   1720	Led_flash.elf
 

16:45:38 Build Finished (took 1s.867ms)

